
=== baseline — 126 captures ===

All viewports matched their expected breakpoint.

SHADER VERDICT
   72  reduced / touch / canvas=false
   14  (unset) / (unset) / canvas=false
   40  reduced / no-webgl2 / canvas=false

HORIZONTAL OVERFLOW: 0 of 126

TEXT UNDER 12px: 112 captures
  cookies @ p-320x568
      10px  p.style_cartCount__I6nSN  "0"
      9.6px  small.  "Aktuální znění"
      9.6px  small.  "10 kapitol"
  doprava-a-platba @ p-320x568
      10px  p.style_cartCount__I6nSN  "0"
      9.6px  small.  "Aktuální znění"
      9.6px  small.  "26 kapitol"
  ochrana-osobnich-udaju @ p-320x568
      10px  p.style_cartCount__I6nSN  "0"
      9.6px  small.  "Aktuální znění"
      9.6px  small.  "10 kapitol"
  odstoupeni-od-smlouvy @ p-320x568
      10px  p.style_cartCount__I6nSN  "0"
      9.6px  small.  "Aktuální znění"
      9.6px  small.  "7 kapitol"
  smluvni-podminky @ p-320x568
      10px  p.style_cartCount__I6nSN  "0"
      9.6px  small.  "Platné od 1. 1. 2015"
      9.6px  small.  "11 kapitol"
  reklamacni-protokol @ p-320x568
      10px  p.style_cartCount__I6nSN  "0"
      9.6px  small.  "Aktuální znění"
      9.6px  small.  "5 kapitol"
  newsletter @ p-320x568
      10px  p.style_cartCount__I6nSN  "0"
      11.2px  span.  "Newsletter"
      11.2px  span.  "Keramická zahrada"
  newsletter-odhlaseno @ p-320x568
      10px  p.style_cartCount__I6nSN  "0"
      11.2px  span.  "Newsletter"
      11.2px  span.  "Keramická zahrada"
  cookies @ p-390x844
      10px  p.style_cartCount__I6nSN  "0"
      9.6px  small.  "Aktuální znění"
      9.6px  small.  "10 kapitol"
  doprava-a-platba @ p-390x844
      10px  p.style_cartCount__I6nSN  "0"
      9.6px  small.  "Aktuální znění"
      9.6px  small.  "26 kapitol"
  ochrana-osobnich-udaju @ p-390x844
      10px  p.style_cartCount__I6nSN  "0"
      9.6px  small.  "Aktuální znění"
      9.6px  small.  "10 kapitol"
  odstoupeni-od-smlouvy @ p-390x844
      10px  p.style_cartCount__I6nSN  "0"
      9.6px  small.  "Aktuální znění"
      9.6px  small.  "7 kapitol"

TAP TARGETS UNDER 44px: 81 captures
  cookies @ p-320x568
      36x44  a.styles_root__MQbFo footer__animatedLink  "Kurzy"
      76x15  a.maker__link  "ValeStudium"
      93x16  a.style_link__KK6Z2  "Více o cookies"
  doprava-a-platba @ p-320x568
      36x44  a.styles_root__MQbFo footer__animatedLink  "Kurzy"
      76x15  a.maker__link  "ValeStudium"
      93x16  a.style_link__KK6Z2  "Více o cookies"
  ochrana-osobnich-udaju @ p-320x568
      36x44  a.styles_root__MQbFo footer__animatedLink  "Kurzy"
      76x15  a.maker__link  "ValeStudium"
      93x16  a.style_link__KK6Z2  "Více o cookies"
  odstoupeni-od-smlouvy @ p-320x568
      36x44  a.styles_root__MQbFo footer__animatedLink  "Kurzy"
      76x15  a.maker__link  "ValeStudium"
      93x16  a.style_link__KK6Z2  "Více o cookies"
  smluvni-podminky @ p-320x568
      36x44  a.styles_root__MQbFo footer__animatedLink  "Kurzy"
      76x15  a.maker__link  "ValeStudium"
      93x16  a.style_link__KK6Z2  "Více o cookies"
  reklamacni-protokol @ p-320x568
      200x17  a.  "info@keramickazahrada.cz"
      36x44  a.styles_root__MQbFo footer__animatedLink  "Kurzy"
      76x15  a.maker__link  "ValeStudium"
      93x16  a.style_link__KK6Z2  "Více o cookies"
  newsletter @ p-320x568
      36x44  a.styles_root__MQbFo footer__animatedLink  "Kurzy"
      76x15  a.maker__link  "ValeStudium"
      93x16  a.style_link__KK6Z2  "Více o cookies"
  newsletter-odhlaseno @ p-320x568
      36x44  a.styles_root__MQbFo footer__animatedLink  "Kurzy"
      76x15  a.maker__link  "ValeStudium"
      93x16  a.style_link__KK6Z2  "Více o cookies"
  notfound @ p-320x568
      188x24  a.notfound_link__zD07G  "Zpět na úvodní stránku"
  cookies @ p-390x844
      38x45  a.styles_root__MQbFo footer__animatedLink  "Kurzy"
      76x15  a.maker__link  "ValeStudium"
      93x16  a.style_link__KK6Z2  "Více o cookies"
  doprava-a-platba @ p-390x844
      38x45  a.styles_root__MQbFo footer__animatedLink  "Kurzy"
      76x15  a.maker__link  "ValeStudium"
      93x16  a.style_link__KK6Z2  "Více o cookies"
  ochrana-osobnich-udaju @ p-390x844
      38x45  a.styles_root__MQbFo footer__animatedLink  "Kurzy"
      76x15  a.maker__link  "ValeStudium"
      93x16  a.style_link__KK6Z2  "Více o cookies"

